main.c:76:6:BuzAlarm	8	static
main.c:89:6:EscribePass	8	static
main.c:125:6:HAL_GPIO_EXTI_Callback	16	static
main.c:136:6:delay	16	static
main.c:152:6:HAL_TIM_IC_CaptureCallback	16	static
main.c:203:6:HCSR04_Read	8	static
main.c:221:5:main	8	static
main.c:302:6:SystemClock_Config	88	static
main.c:342:13:MX_ADC1_Init	24	static
main.c:392:13:MX_I2C1_Init	8	static
main.c:426:13:MX_TIM1_Init	32	static
main.c:475:13:MX_TIM2_Init	48	static
main.c:524:13:MX_GPIO_Init	56	static
main.c:602:6:Error_Handler	4	static
